// Jest Snapshot v1, https://goo.gl/fbAQLP

exports[`should render Dashboard page correctly 1`] = `
<div>
  This is from my dashboard component
  <Connect(ExpenseListFilter) />
  <Connect(ExpenseList) />
</div>
`;
