// Jest Snapshot v1, https://goo.gl/fbAQLP

exports[`should render Header correctly  1`] = `
<header>
   
  <h1>
    Expensify
  </h1>
  <NavLink
    activeClassName="is-active"
    exact={true}
    to="/"
  >
     Go Home
  </NavLink>
  <NavLink
    activeClassName="is-active"
    to="/create"
  >
     Add Expensee   
  </NavLink>
  <NavLink
    activeClassName="is-active"
    to="/help"
  >
     Get Help
  </NavLink>
</header>
`;
